verify 套件：202 个脚本，并发 2，单脚本超时 180s
（跑的是仓库根目录产物 index.html，请先 npm run build 再看结果）

✅ verify-about-license.mjs                       5714ms  exit 0  == 功能介绍与许可合并页验证: 6/6 ==
✅ verify.mjs                                     8612ms  exit 0  结果：10/10 项通过
✅ verify-android-kb-close.mjs                    5195ms  exit 0  结果：5/5 项通过
✅ verify-android-kb.mjs                          6623ms  exit 0  结果：3/3 项通过
❌ verify-ask-no-false-dock.mjs                   9385ms  exit 1  ❌ 有失败 3/4
❌ verify-avatar-decouple.mjs                     6146ms  exit 1  结果：14/15 项通过
✅ verify-avatar-store.mjs                        3530ms  exit 0  === avatar-store 验证 9/9 全绿 ===
✅ verify-anti-scam-backfill.mjs                  31847ms  exit 0  ===== 结果: 18/18 =====
✅ verify-bg-keep-retry.mjs                       12784ms  exit 0  结果: 10 通过 / 0 失败
❌ verify-bg-notify-dedup.mjs                     21955ms  exit 1  ✗ 1 项失败（共 13 项）
❌ verify-bg-notify-dedupe.mjs                    5988ms  exit 1  结果: 13 通过 / 2 失败
❌ verify-brick.mjs                               27806ms  exit 1  结果: 32 通过 / 3 失败
✅ verify-bubble-css.mjs                          8530ms  exit 0  ==== 结果：8 项检查，0 项失败 ====
❌ verify-bugfix-six.mjs                          6184ms  exit 1  \n结果：19/21 项通过
❌ verify-cal-firstuse.mjs                        27202ms  exit 1  \n===== verify-cal-firstuse: 16/18 通过 =====
✅ verify-cal-record-dots.mjs                     8395ms  exit 0  \n== 21/21 通过 ==
✅ verify-call-dur.mjs                            13897ms  exit 0  全部通过
✅ verify-call-edit.mjs                           8226ms  exit 0  结果：11/11 项通过
✅ verify-call-mini-live.mjs                      11626ms  exit 0  全部通过
✅ verify-cc-batch-import.mjs                     10258ms  exit 0  结果：13/13 项通过
⏱ verify-avatar-ta-change.mjs                    180037ms  timeout  …… 等待 65s（IDB 回填 + 轮询触发大图更换）
✅ verify-cc-group-off.mjs                        9876ms  exit 0  == 分组停用开关验证 12/12 ==
✅ verify-cc-hydrate-panels.mjs                   4754ms  exit 0  结果：9/9 项通过
❌ verify-cc-mine-clean.mjs                       19652ms  exit 1  12/14 passed
✅ verify-cc-tab-totals.mjs                       11977ms  exit 0  7/7 passed
❌ verify-cc-scope.mjs                            34240ms  exit 1  结果：16/27 项通过
✅ verify-chat-input-guard.mjs                    8552ms  exit 0  结果：17/17 项通过
✅ verify-chat-dupe.mjs                           15673ms  exit 0  11/11 passed
✅ verify-chat-overwrite.mjs                      88ms  exit 0  FIX-REGRESSION #90 聊天记录防覆盖 结构校验：30/30 全过
✅ verify-chat-nick-independent.mjs               8384ms  exit 0  RESULT: ALL PASS
✅ verify-chat-scroll-bottom.mjs                  8404ms  exit 0  结果：7/7 项通过
❌ verify-chat-switch-idb-hang.mjs                9303ms  exit 1  ===== 回归结果：6/9 通过 =====
❌ verify-chat-send-btn.mjs                       12736ms  exit 1  结果：3/4 项通过
✅ verify-chat-switch-idb-timeout.mjs             13543ms  exit 0  ===== 回归结果：11/11 通过 =====
❌ verify-cjian-desk.mjs                          6385ms  exit 1  结果: 10/11 项通过
✅ verify-chat-window-sync.mjs                    20859ms  exit 0  10/10 passed
❌ verify-cjian-lib.mjs                           17641ms  exit 1  结果：12/14 项通过
❌ verify-cjian-slots.mjs                         6392ms  exit 1  失败项：A2 无 slots 老梦角沿用旧行为（现实+偏移连续流动）
❌ verify-cjian-split-edge.mjs                    15793ms  exit 1  结果: 12 通过 / 4 失败
❌ verify-cjian.mjs                               14944ms  exit 1  结果: 38/49 项通过
✅ verify-ck-action.mjs                           15877ms  exit 0  结果：11/11 项通过
❌ verify-ck-question.mjs                         15611ms  exit 1  结果：16/18 项通过
❌ verify-cjian-mix.mjs                           89131ms  exit 1  结果: 24/27 项通过
✅ verify-coin-ledger.mjs                         15211ms  exit 0  PAGEERROR: //C:/Users/Administrator/Desktop/mochi/version.json?v=1788538509338 due to acce
✅ verify-coin-linkage.mjs                        10887ms  exit 0  结果：14/14 项通过
